// Jest Snapshot v1, https://goo.gl/fbAQLP

exports[`Baseic Test Basic render should match snapshot 1`] = `
"<div class=\\" barVisible hasVBar hasHBar __magic-scroll\\" style=\\"position: relative; overflow: hidden; height: 100%; width: 100%;\\"><div class=\\"__rail __is-vertical \\" style=\\"position: absolute; z-index: 1; border-radius: 6px; width: 6px; top: 0px; bottom: 6px; right: 0px; background: rgba(1, 169, 154, 0);\\"><div class=\\"__bar-button __bar-button-is-vertical-start\\" style=\\"position: absolute; cursor: pointer; top: 0px; width: 6px; height: 6px;\\"><div class=\\"__bar-button-inner\\" style=\\"width: 0px; height: 0px; margin: auto; position: absolute; top: 0px; bottom: 0px; right: 0px; left: 0px; border-bottom-color: #cecece; transform: translateY(-25%);\\"></div></div><div class=\\"__bar-wrap __is-vertical\\" style=\\"position: absolute; border-radius: 6px; top: 6px; width: 100%; bottom: 6px;\\"><div class=\\"__bar __is-vertical  __is-show\\" style=\\"cursor: pointer; position: absolute; margin: auto; transition: opacity 0.5s; user-select: none; border-radius: inherit; background-color: #1890ff; height: 50%; opacity: 1; width: 6px; transform: translateY(0%); left: 0px; right: 0px;\\"></div></div><div class=\\"__bar-button __bar-button-is-vertical-end\\" style=\\"position: absolute; cursor: pointer; bottom: 0px; width: 6px; height: 6px;\\"><div class=\\"__bar-button-inner\\" style=\\"width: 0px; height: 0px; margin: auto; position: absolute; top: 0px; bottom: 0px; right: 0px; left: 0px; border-top-color: #cecece; transform: translateY(25%);\\"></div></div></div><div class=\\"__rail __is-horizontal \\" style=\\"position: absolute; z-index: 1; border-radius: 6px; height: 6px; left: 0px; right: 6px; bottom: 0px; background: rgba(1, 169, 154, 0);\\"><div class=\\"__bar-button __bar-button-is-horizontal-start\\" style=\\"position: absolute; cursor: pointer; left: 0px; width: 6px; height: 6px;\\"><div class=\\"__bar-button-inner\\" style=\\"width: 0px; height: 0px; margin: auto; position: absolute; top: 0px; bottom: 0px; right: 0px; left: 0px; border-right-color: #cecece; transform: translateX(-25%);\\"></div></div><div class=\\"__bar-wrap __is-horizontal\\" style=\\"position: absolute; border-radius: 6px; left: 6px; height: 100%; right: 6px;\\"><div class=\\"__bar __is-horizontal  __is-show\\" style=\\"cursor: pointer; position: absolute; margin: auto; transition: opacity 0.5s; user-select: none; border-radius: inherit; background-color: #1890ff; width: 50%; opacity: 1; height: 6px; transform: translateX(0%); top: 0px; bottom: 0px;\\"></div></div><div class=\\"__bar-button __bar-button-is-horizontal-end\\" style=\\"position: absolute; cursor: pointer; right: 0px; width: 6px; height: 6px;\\"><div class=\\"__bar-button-inner\\" style=\\"width: 0px; height: 0px; margin: auto; position: absolute; top: 0px; bottom: 0px; right: 0px; left: 0px; border-left-color: #cecece; transform: translateX(25%);\\"></div></div></div><div class=\\"__panel __native __hidebar\\" style=\\"height: 100%; overflow-y: scroll; overflow-x: scroll;\\"><div class=\\"__view\\" style=\\"position: relative; box-sizing: border-box; min-height: 100%; min-width: 100%;\\"><div style=\\"width: 200px; height: 200px;\\"></div><div class=\\"resize-triggers\\"> 
  <div class=\\"expand-trigger\\">
    <div style=\\"width: 101px; height: 101px;\\"></div>
  </div>
  <div class=\\"contract-trigger\\"></div> </div></div></div><div class=\\"resize-triggers\\"> 
  <div class=\\"expand-trigger\\">
    <div style=\\"width: 101px; height: 101px;\\"></div>
  </div>
  <div class=\\"contract-trigger\\"></div> </div></div>"
`;
